// Vitest Snapshot v1, https://vitest.dev/guide/snapshot.html

exports[`nation gold per minute > world map, impossible nations, 20 minutes 1`] = `
{
  "aliveNations": 38,
  "perMinute": [
    {
      "cities": 0,
      "factories": 0,
      "minute": 1,
      "ports": 0,
      "shipsArrived": 0,
      "tradeGold": 0,
      "tradeShipsAtSea": 0,
      "trainGold": 0,
      "trainStops": 0,
      "trainsRunning": 0,
    },
    {
      "cities": 1,
      "factories": 0,
      "minute": 2,
      "ports": 0,
      "shipsArrived": 0,
      "tradeGold": 0,
      "tradeShipsAtSea": 0,
      "trainGold": 0,
      "trainStops": 0,
      "trainsRunning": 0,
    },
    {
      "cities": 60,
      "factories": 0,
      "minute": 3,
      "ports": 0,
      "shipsArrived": 0,
      "tradeGold": 0,
      "tradeShipsAtSea": 0,
      "trainGold": 0,
      "trainStops": 0,
      "trainsRunning": 0,
    },
    {
      "cities": 60,
      "factories": 0,
      "minute": 4,
      "ports": 2,
      "shipsArrived": 0,
      "tradeGold": 0,
      "tradeShipsAtSea": 2,
      "trainGold": 0,
      "trainStops": 0,
      "trainsRunning": 0,
    },
    {
      "cities": 61,
      "factories": 0,
      "minute": 5,
      "ports": 5,
      "shipsArrived": 1,
      "tradeGold": 187600,
      "tradeShipsAtSea": 25,
      "trainGold": 0,
      "trainStops": 0,
      "trainsRunning": 0,
    },
    {
      "cities": 67,
      "factories": 0,
      "minute": 6,
      "ports": 8,
      "shipsArrived": 8,
      "tradeGold": 1080000,
      "tradeShipsAtSea": 58,
      "trainGold": 0,
      "trainStops": 0,
      "trainsRunning": 0,
    },
    {
      "cities": 98,
      "factories": 0,
      "minute": 7,
      "ports": 13,
      "shipsArrived": 17,
      "tradeGold": 3606000,
      "tradeShipsAtSea": 94,
      "trainGold": 0,
      "trainStops": 0,
      "trainsRunning": 0,
    },
    {
      "cities": 103,
      "factories": 1,
      "minute": 8,
      "ports": 18,
      "shipsArrived": 40,
      "tradeGold": 9170000,
      "tradeShipsAtSea": 141,
      "trainGold": 0,
      "trainStops": 0,
      "trainsRunning": 0,
    },
    {
      "cities": 106,
      "factories": 5,
      "minute": 9,
      "ports": 47,
      "shipsArrived": 83,
      "tradeGold": 19900000,
      "tradeShipsAtSea": 207,
      "trainGold": 810000,
      "trainStops": 19,
      "trainsRunning": 0,
    },
    {
      "cities": 112,
      "factories": 10,
      "minute": 10,
      "ports": 49,
      "shipsArrived": 109,
      "tradeGold": 23460000,
      "tradeShipsAtSea": 305,
      "trainGold": 1890000,
      "trainStops": 39,
      "trainsRunning": 35,
    },
    {
      "cities": 124,
      "factories": 11,
      "minute": 11,
      "ports": 58,
      "shipsArrived": 169,
      "tradeGold": 40230000,
      "tradeShipsAtSea": 283,
      "trainGold": 3920000,
      "trainStops": 72,
      "trainsRunning": 56,
    },
    {
      "cities": 129,
      "factories": 14,
      "minute": 12,
      "ports": 64,
      "shipsArrived": 171,
      "tradeGold": 40850000,
      "tradeShipsAtSea": 325,
      "trainGold": 3550000,
      "trainStops": 73,
      "trainsRunning": 56,
    },
    {
      "cities": 128,
      "factories": 14,
      "minute": 13,
      "ports": 66,
      "shipsArrived": 185,
      "tradeGold": 41080000,
      "tradeShipsAtSea": 359,
      "trainGold": 4520000,
      "trainStops": 102,
      "trainsRunning": 42,
    },
    {
      "cities": 129,
      "factories": 15,
      "minute": 14,
      "ports": 66,
      "shipsArrived": 184,
      "tradeGold": 42140000,
      "tradeShipsAtSea": 367,
      "trainGold": 3720000,
      "trainStops": 106,
      "trainsRunning": 42,
    },
    {
      "cities": 127,
      "factories": 15,
      "minute": 15,
      "ports": 66,
      "shipsArrived": 216,
      "tradeGold": 51720000,
      "tradeShipsAtSea": 345,
      "trainGold": 4050000,
      "trainStops": 101,
      "trainsRunning": 56,
    },
    {
      "cities": 128,
      "factories": 16,
      "minute": 16,
      "ports": 67,
      "shipsArrived": 200,
      "tradeGold": 46100000,
      "tradeShipsAtSea": 367,
      "trainGold": 3280000,
      "trainStops": 103,
      "trainsRunning": 56,
    },
    {
      "cities": 132,
      "factories": 16,
      "minute": 17,
      "ports": 68,
      "shipsArrived": 209,
      "tradeGold": 52250000,
      "tradeShipsAtSea": 356,
      "trainGold": 4260000,
      "trainStops": 126,
      "trainsRunning": 63,
    },
    {
      "cities": 130,
      "factories": 18,
      "minute": 18,
      "ports": 70,
      "shipsArrived": 182,
      "tradeGold": 45150000,
      "tradeShipsAtSea": 343,
      "trainGold": 6410000,
      "trainStops": 160,
      "trainsRunning": 98,
    },
    {
      "cities": 129,
      "factories": 18,
      "minute": 19,
      "ports": 69,
      "shipsArrived": 209,
      "tradeGold": 46530000,
      "tradeShipsAtSea": 344,
      "trainGold": 6250000,
      "trainStops": 168,
      "trainsRunning": 105,
    },
    {
      "cities": 124,
      "factories": 16,
      "minute": 20,
      "ports": 70,
      "shipsArrived": 192,
      "tradeGold": 46780000,
      "tradeShipsAtSea": 369,
      "trainGold": 5380000,
      "trainStops": 160,
      "trainsRunning": 56,
    },
  ],
  "totals": {
    "shipsArrived": 2175,
    "tradeGold": 510200000,
    "trainGold": 48040000,
    "trainStops": 1229,
  },
}
`;
